**********************************************************************
** Visual Studio 2026 Developer Command Prompt v18.10.3
** Copyright (c) 2026 Microsoft Corporation
**********************************************************************
[0/2] Re-checking globbed directories...
[1/116] Building CXX object src\CMakeFiles\rynui_runtime.dir\Release\runtime\node_store.cpp.obj
[2/116] Building CXX object src\CMakeFiles\rynui_runtime.dir\Release\runtime\component_mount.cpp.obj
[3/116] Building CXX object src\CMakeFiles\rynui_graphics.dir\Release\graphics\quad_scene.cpp.obj
[4/116] Building CXX object src\CMakeFiles\rynui_runtime.dir\Release\runtime\layout_style_adapter.cpp.obj
[5/116] Building CXX object src\CMakeFiles\rynui_graphics.dir\Release\graphics\quad_primitive.cpp.obj
[6/116] Building CXX object src\CMakeFiles\rynui_theme.dir\Release\theme\input_tokens.cpp.obj
[7/116] Building CXX object src\CMakeFiles\rynui_layout.dir\Release\layout\layout_engine.cpp.obj
[8/116] Building CXX object src\CMakeFiles\rynui_runtime.dir\Release\runtime\invalidation.cpp.obj
[9/116] Building CXX object src\CMakeFiles\rynui_components.dir\Release\component\layout_component_context.cpp.obj
[10/116] Building CXX object _deps\rynui_spirv_cross-build\CMakeFiles\spirv-cross-c.dir\Release\spirv_cross_c.cpp.obj
[11/116] Building CXX object src\CMakeFiles\rynui_components.dir\Release\component\default_theme.cpp.obj
[12/116] Building CXX object src\CMakeFiles\rynui_interaction.dir\Release\input\interaction_registry.cpp.obj
[13/116] Building CXX object src\CMakeFiles\rynui_runtime.dir\Release\runtime\component_host.cpp.obj
[14/116] Building CXX object src\CMakeFiles\rynui_motion.dir\Release\animation\motion_policy.cpp.obj
[15/116] Building CXX object src\CMakeFiles\rynui_interaction.dir\Release\input\focus_manager.cpp.obj
[16/116] Building CXX object src\CMakeFiles\rynui_components.dir\Release\component\flex_component.cpp.obj
[17/116] Linking CXX static library _deps\rynui_spirv_cross-build\Release\spirv-cross-c.lib
[18/116] Building CXX object src\CMakeFiles\rynui_text_scene.dir\Release\text\text_scene_service.cpp.obj
[19/116] Building CXX object src\CMakeFiles\rynui_components.dir\Release\component\space_component.cpp.obj
[20/116] Building CXX object src\CMakeFiles\rynui_interaction.dir\Release\input\pointer_router.cpp.obj
[21/116] Building CXX object src\CMakeFiles\rynui_theme.dir\Release\theme\theme_runtime.cpp.obj
[22/116] Building CXX object src\CMakeFiles\rynui_components.dir\Release\component\theme_component.cpp.obj
[23/116] Building CXX object examples\CMakeFiles\rynui_token_gallery_definition.dir\Release\token_gallery\ant_design_reference_catalog.cpp.obj
[24/116] Building CXX object src\CMakeFiles\rynui_components.dir\Release\component\component_scene.cpp.obj
[25/116] Building CXX object src\CMakeFiles\rynui_renderer_common.dir\Release\renderer\common\scene_packing.cpp.obj
[26/116] Building CXX object src\CMakeFiles\rynui_renderer_common.dir\Release\renderer\common\scene_capabilities.cpp.obj
[27/116] Building CXX object src\CMakeFiles\rynui_components.dir\Release\component\input_affix_action.cpp.obj
[28/116] Building CXX object src\CMakeFiles\rynui_components.dir\Release\component\retained_surface_service.cpp.obj
[29/116] Building CXX object src\CMakeFiles\rynui_components.dir\Release\component\window_component_services.cpp.obj
[30/116] Building CXX object src\CMakeFiles\rynui_components.dir\Release\component\search_component.cpp.obj
[31/116] Linking CXX executable Release\shadercross.exe
[32/116] Building CXX object src\CMakeFiles\rynui_renderer_common.dir\Release\renderer\common\quad_gpu_resources.cpp.obj
[33/116] Building CXX object src\CMakeFiles\rynui_renderer_common.dir\Release\renderer\common\scene_resources.cpp.obj
[34/116] Building CXX object src\CMakeFiles\rynui_theme.dir\Release\theme\theme_snapshot.cpp.obj
[35/116] Building CXX object src\CMakeFiles\rynui_renderer_common.dir\Release\renderer\common\glyph_gpu_resources.cpp.obj
[36/116] Building CXX object examples\CMakeFiles\rynui_token_gallery_document_viewport.dir\Release\token_gallery\gallery_document_viewport.cpp.obj
[37/116] Building CXX object examples\CMakeFiles\rynui_token_gallery_document_viewport.dir\Release\token_gallery\gallery_scroll_region.cpp.obj
[38/116] C:\Windows\system32\cmd.exe /C "cd /D D:\code\RynUI\out\build\windows-msvc && C:\Users\jiang\scoop\apps\cmake\current\bin\cmake.exe -E copy_if_different D:/code/RynUI/out/build/windows-msvc/_deps/rynui_dxc-src/bin/x64/dxcompiler.dll D:/code/RynUI/out/build/windows-msvc/Release && C:\Users\jiang\scoop\apps\cmake\current\bin\cmake.exe -E copy_if_different D:/code/RynUI/out/build/windows-msvc/_deps/rynui_dxc-src/bin/x64/dxil.dll D:/code/RynUI/out/build/windows-msvc/Release"
[39/116] Building CXX object src\CMakeFiles\rynui_renderer_common.dir\Release\renderer\common\text_render_controller.cpp.obj
[40/116] Linking CXX static library src\Release\rynui_theme.lib
[41/116] Compiling glyph fragment shader to SPIRV
[42/116] Compiling glyph vertex shader to SPIRV
[43/116] Linking CXX static library src\Release\rynui_runtime.lib
[44/116] Building CXX object src\CMakeFiles\rynui_components.dir\Release\component\tooltip_component.cpp.obj
[45/116] Building CXX object src\CMakeFiles\rynui_renderer_sdl.dir\Release\renderer\sdl\quad_renderer.cpp.obj
[46/116] Compiling rounded_effect fragment shader to SPIRV
[47/116] Linking CXX static library src\Release\rynui_layout.lib
[48/116] Compiling rounded_effect vertex shader to SPIRV
[49/116] Linking CXX static library src\Release\rynui_motion.lib
[50/116] Building CXX object src\CMakeFiles\rynui_components.dir\Release\component\text_component.cpp.obj
D:\code\RynUI\src\component\text_component.cpp(574): warning C4100: 'viewport': 未引用的参数
[51/116] Reflecting glyph fragment shader resources
[52/116] Linking CXX static library src\Release\rynui_interaction.lib
[53/116] Linking CXX static library src\Release\rynui_graphics.lib
[54/116] Reflecting glyph vertex shader resources
[55/116] Compiling glyph fragment shader to DXIL
[56/116] Compiling glyph vertex shader to DXIL
[57/116] Linking CXX static library src\Release\rynui_text_scene.lib
[58/116] Compiling quad fragment shader to DXIL
[59/116] Compiling quad fragment shader to SPIRV
[60/116] Compiling quad vertex shader to DXIL
[61/116] Compiling quad vertex shader to SPIRV
[62/116] Reflecting rounded_effect fragment shader resources
[63/116] Reflecting rounded_effect vertex shader resources
[64/116] Compiling rounded_effect fragment shader to DXIL
[65/116] Linking CXX static library src\Release\rynui_renderer_common.lib
[66/116] Compiling rounded_effect vertex shader to DXIL
[67/116] Deploying shaders for rynui_token_gallery
[68/116] Building CXX object src\CMakeFiles\rynui_renderer_sdl.dir\Release\renderer\sdl\scene_renderer.cpp.obj
[69/116] Building CXX object src\CMakeFiles\rynui_components.dir\Release\component\button_component.cpp.obj
[70/116] Building CXX object src\CMakeFiles\rynui_default_fonts.dir\Release\platform\default_font_chain.cpp.obj
[71/116] Building CXX object examples\CMakeFiles\rynui_token_gallery.dir\Release\token_gallery\main.cpp.obj
[72/116] Building CXX object src\CMakeFiles\rynui_components.dir\Release\component\input_component.cpp.obj
[73/116] Building CXX object src\CMakeFiles\rynui_components.dir\Release\component\selection_component.cpp.obj
[74/116] Building CXX object src\CMakeFiles\rynui_components.dir\Release\component\divider_component.cpp.obj
D:\code\RynUI\src\component\divider_component.cpp(411): warning C4100: 'viewport': 未引用的参数
[75/116] Building CXX object examples\CMakeFiles\rynui_token_gallery_reference_surface.dir\Release\token_gallery\reference_surface.cpp.obj
[76/116] Linking CXX static library src\Release\rynui_renderer_sdl.lib
[77/116] Building CXX object tests\CMakeFiles\rynui_text_component_frame_tests.dir\Release\text_component_frame_tests.cpp.obj
[78/116] Building CXX object tests\CMakeFiles\rynui_input_gpu_tests.dir\Release\input_gpu_tests.cpp.obj
[79/116] Linking CXX static library src\Release\rynui_default_fonts.lib
[80/116] Building CXX object src\CMakeFiles\rynui_components.dir\Release\component\typography_component.cpp.obj
D:\code\RynUI\src\component\typography_component.cpp(759): warning C4189: “theme”: 局部变量已初始化但不引用
[81/116] Building CXX object tests\CMakeFiles\rynui_token_gallery_frame_tests.dir\Release\token_gallery_frame_tests.cpp.obj
[82/116] Building CXX object tests\CMakeFiles\rynui_text_component_tests.dir\Release\text_component_tests.cpp.obj
[83/116] Building CXX object src\CMakeFiles\rynui_components.dir\Release\component\slider_component.cpp.obj
[84/116] Building CXX object tests\CMakeFiles\rynui_typography_interaction_tests.dir\Release\typography_interaction_tests.cpp.obj
[85/116] Building CXX object tests\CMakeFiles\rynui_input_component_tests.dir\Release\input_component_tests.cpp.obj
D:\code\RynUI\tests\input_component_tests.cpp(400): warning C4834: 放弃具有 [[nodiscard]] 属性的函数的返回值
D:\code\RynUI\tests\input_component_tests.cpp(408): warning C4834: 放弃具有 [[nodiscard]] 属性的函数的返回值
[86/116] Linking CXX static library src\Release\rynui_components.lib
[87/116] Building CXX object tests\CMakeFiles\rynui_selection_component_tests.dir\Release\selection_component_tests.cpp.obj
[88/116] Linking CXX executable tests\Release\rynui_input_gpu_tests.exe
[89/116] Linking CXX executable tests\Release\rynui_input_component_tests.exe
[90/116] Linking CXX executable tests\Release\rynui_text_component_tests.exe
[91/116] Linking CXX executable tests\Release\rynui_text_component_frame_tests.exe
[92/116] Building CXX object examples\CMakeFiles\rynui_token_gallery.dir\Release\token_gallery\tooltip_acceptance.cpp.obj
[93/116] Linking CXX executable tests\Release\rynui_typography_interaction_tests.exe
[94/116] Building CXX object tests\CMakeFiles\rynui_flex_features_tests.dir\Release\flex_features_tests.cpp.obj
[95/116] Linking CXX executable tests\Release\rynui_selection_component_tests.exe
[96/116] Linking CXX executable tests\Release\rynui_flex_features_tests.exe
[97/116] Building CXX object examples\CMakeFiles\rynui_token_gallery.dir\Release\token_gallery\token_gallery_runtime.cpp.obj
[98/116] Building CXX object examples\CMakeFiles\rynui_token_gallery.dir\Release\token_gallery\slider_acceptance.cpp.obj
[99/116] Building CXX object examples\CMakeFiles\rynui_token_gallery.dir\Release\token_gallery\button_acceptance.cpp.obj
[100/116] Building CXX object examples\CMakeFiles\rynui_token_gallery.dir\Release\token_gallery\switch_acceptance.cpp.obj
[101/116] Building CXX object tests\CMakeFiles\rynui_typography_component_tests.dir\Release\typography_component_tests.cpp.obj
[102/116] Building CXX object examples\CMakeFiles\rynui_token_gallery.dir\Release\token_gallery\flex_acceptance.cpp.obj
[103/116] Building CXX object examples\CMakeFiles\rynui_token_gallery.dir\Release\token_gallery\divider_acceptance.cpp.obj
[104/116] Building CXX object examples\CMakeFiles\rynui_token_gallery.dir\Release\token_gallery\typography_acceptance.cpp.obj
[105/116] Building CXX object examples\CMakeFiles\rynui_token_gallery.dir\Release\token_gallery\checkbox_acceptance.cpp.obj
[106/116] Linking CXX executable tests\Release\rynui_typography_component_tests.exe
[107/116] Building CXX object examples\CMakeFiles\rynui_token_gallery.dir\Release\token_gallery\radio_acceptance.cpp.obj
[108/116] Building CXX object examples\CMakeFiles\rynui_token_gallery_definition.dir\Release\token_gallery\token_gallery_definition.cpp.obj
[109/116] Linking CXX static library examples\Release\rynui_token_gallery_definition.lib
[110/116] Linking CXX static library examples\Release\rynui_token_gallery_reference_surface.lib
[111/116] Linking CXX static library examples\Release\rynui_token_gallery_document_viewport.lib
[112/116] Linking CXX executable tests\Release\rynui_token_gallery_frame_tests.exe
[113/116] Linking CXX executable examples\Release\rynui_token_gallery.exe
[114/116] Building CXX object tests\CMakeFiles\rynui_button_component_tests.dir\Release\button_component_tests.cpp.obj
[115/116] Linking CXX executable tests\Release\rynui_button_component_tests.exe
Test project D:/code/RynUI/out/build/windows-msvc
      Start  78: rynui.selection_component
 1/10 Test  #78: rynui.selection_component ........   Passed    0.39 sec
      Start 121: rynui.input_component
 2/10 Test #121: rynui.input_component ............   Passed    1.24 sec
      Start 128: rynui.input_gpu
 3/10 Test #128: rynui.input_gpu ..................   Passed    0.10 sec
      Start 139: rynui.button_component
 4/10 Test #139: rynui.button_component ...........   Passed    0.74 sec
      Start 144: rynui.flex_features
 5/10 Test #144: rynui.flex_features ..............   Passed    0.12 sec
      Start 149: rynui.token_gallery_frame
 6/10 Test #149: rynui.token_gallery_frame ........   Passed    5.62 sec
      Start 218: rynui.text_component
 7/10 Test #218: rynui.text_component .............   Passed    0.33 sec
      Start 219: rynui.typography_component
 8/10 Test #219: rynui.typography_component .......   Passed    0.59 sec
      Start 220: rynui.typography_interaction
 9/10 Test #220: rynui.typography_interaction .....   Passed    0.15 sec
      Start 223: rynui.text_component_frame
10/10 Test #223: rynui.text_component_frame .......   Passed    0.05 sec

100% tests passed out of 10

Total Test time (real) =   9.51 sec
catalog_hash=495e5030bde03e0a91b04063170ac7464c749b9efdd1910f4935938091f4e382 gpu_driver=direct3d12 shader_format=DXIL display_scale=1.25 host_display_scale=1.25 scale_source=window pixel_density=1 window_system=win32 window_size=1280x900 pixel_size=1280x900 viewport=1024x720 font_source=system font_families=Segoe_UI_Variable_Text,Microsoft_YaHei_UI font_rendering=aa=gray,hint=default,rgba=unknown,lcd=unknown,bitmap=on;aa=gray,hint=default,rgba=unknown,lcd=unknown,bitmap=on stable_test_ids=102 snapshot_identity=18080600797805443843 snapshot={"source":{"version":"6.6.5","commit":"4a39f54842eade4e565ab336ef6097cd7e723cdd"},"impactMetadata":"catalog-invalidation-domain-v1","algorithms":["Default"],"identity":"faeb32a166d67b03","seed":{"colorPrimary":[0.086275,0.466667,1.000000,1.000000],"focusOutline":true,"fontSize":14,"sizeUnit":4.000000,"sizeStep":4.000000,"controlHeight":32.000000},"map":{"colorPrimary":[0.086275,0.466667,1.000000,1.000000],"colorPrimaryHover":[0.250980,0.588235,1.000000,1.000000],"colorPrimaryActive":[0.035294,0.345098,0.850980,1.000000],"colorError":[1.000000,0.301961,0.309804,1.000000],"colorErrorHover":[1.000000,0.470588,0.458824,1.000000],"colorErrorActive":[0.850980,0.211765,0.243137,1.000000],"colorSuccessText":[0.074510,0.321569,0.000000,1.000000],"colorWarningText":[0.529412,0.301961,0.000000,1.000000],"colorErrorText":[0.549020,0.082353,0.137255,1.000000],"colorLink":[0.090196,0.470588,1.000000,1.000000],"colorLinkHover":[0.000000,0.243137,0.701961,1.000000],"colorLinkActive":[0.000000,0.113725,0.400000,1.000000],"fontSizeSM":12.000000,"fontSize":14.000000,"fontSizeLG":16.000000,"sizeXS":8.000000,"sizeSM":12.000000,"size":16.000000,"sizeLG":24.000000,"controlHeightSM":24.000000,"controlHeight":32.000000,"controlHeightLG":40.000000,"motionUnitMs":100.000000,"motionBaseMs":0.000000,"motion":true},"alias":{"colorText":[0.000000,0.000000,0.000000,0.880000],"colorBgContainer":[1.000000,1.000000,1.000000,1.000000],"colorBorder":[0.850980,0.850980,0.850980,1.000000],"colorSplit":[0.019608,0.019608,0.019608,0.060000],"lineWidthFocus":3.000000,"focusOutlineOffset":1.000000,"boxShadowLayers":3,"opacityLoading":0.650000},"button":{"primaryBg":[0.086275,0.466667,1.000000,1.000000],"controlHeight":32.000000,"paddingInline":15.000000,"borderRadius":6.000000,"shadowLayers":1,"borderWidth":1.000000,"dashLength":3.000000,"dashGap":3.000000,"waveSpread":6.000000,"waveWidth":2.000000,"waveOpacity":0.200000,"variantColors":[{"colors":[[0.850980,0.850980,0.850980,1.000000],[0.250980,0.588235,1.000000,1.000000],[0.035294,0.345098,0.850980,1.000000],[0.000000,0.000000,0.000000,0.040000],[0.000000,0.000000,0.000000,0.060000],[0.000000,0.000000,0.000000,0.150000],[1.000000,1.000000,1.000000,1.000000]],"shadow":[[0,0.000000,2.000000,0.000000,0.000000,[0.000000,0.000000,0.000000,0.020000]]]},{"colors":[[0.086275,0.466667,1.000000,1.000000],[0.250980,0.588235,1.000000,1.000000],[0.035294,0.345098,0.850980,1.000000],[0.901961,0.956863,1.000000,1.000000],[0.729412,0.878431,1.000000,1.000000],[0.568627,0.792157,1.000000,1.000000],[1.000000,1.000000,1.000000,1.000000]],"shadow":[[0,0.000000,2.000000,0.000000,0.000000,[0.019608,0.568627,1.000000,0.100000]]]},{"colors":[[1.000000,0.301961,0.309804,1.000000],[1.000000,0.470588,0.458824,1.000000],[0.850980,0.211765,0.243137,1.000000],[1.000000,0.949020,0.941176,1.000000],[1.000000,0.945098,0.941176,1.000000],[1.000000,0.800000,0.780392,1.000000],[1.000000,1.000000,1.000000,1.000000]],"shadow":[[0,0.000000,2.000000,0.000000,0.000000,[1.000000,0.149020,0.019608,0.060000]]]},{"colors":[[0.086275,0.466667,1.000000,1.000000],[0.250980,0.588235,1.000000,1.000000],[0.035294,0.345098,0.850980,1.000000],[0.901961,0.956863,1.000000,1.000000],[0.729412,0.878431,1.000000,1.000000],[0.568627,0.792157,1.000000,1.000000],[1.000000,1.000000,1.000000,1.000000]],"shadow":[[0,0.000000,2.000000,0.000000,0.000000,[0.019608,0.568627,1.000000,0.100000]]]},{"colors":[[0.447059,0.180392,0.819608,1.000000],[0.572549,0.329412,0.870588,1.000000],[0.325490,0.113725,0.670588,1.000000],[0.976471,0.941176,1.000000,1.000000],[0.937255,0.858824,1.000000,1.000000],[0.827451,0.678431,0.968627,1.000000],[1.000000,1.000000,1.000000,1.000000]],"shadow":[[0,0.000000,2.000000,0.000000,0.000000,[0.607843,0.019608,1.000000,0.060000]]]},{"colors":[[0.074510,0.760784,0.760784,1.000000],[0.211765,0.811765,0.788235,1.000000],[0.031373,0.592157,0.611765,1.000000],[0.901961,1.000000,0.984314,1.000000],[0.709804,0.960784,0.925490,1.000000],[0.529412,0.909804,0.870588,1.000000],[1.000000,1.000000,1.000000,1.000000]],"shadow":[[0,0.000000,2.000000,0.000000,0.000000,[0.019608,1.000000,0.843137,0.100000]]]},{"colors":[[0.321569,0.768627,0.101961,1.000000],[0.450980,0.819608,0.239216,1.000000],[0.219608,0.619608,0.050980,1.000000],[0.964706,1.000000,0.929412,1.000000],[0.850980,0.968627,0.745098,1.000000],[0.717647,0.921569,0.560784,1.000000],[1.000000,1.000000,1.000000,1.000000]],"shadow":[[0,0.000000,2.000000,0.000000,0.000000,[0.556863,1.000000,0.117647,0.080000]]]},{"colors":[[0.921569,0.184314,0.588235,1.000000],[0.968627,0.349020,0.670588,1.000000],[0.768627,0.113725,0.498039,1.000000],[1.000000,0.941176,0.964706,1.000000],[1.000000,0.839216,0.905882,1.000000],[1.000000,0.678431,0.823529,1.000000],[1.000000,1.000000,1.000000,1.000000]],"shadow":[[0,0.000000,2.000000,0.000000,0.000000,[1.000000,0.019608,0.411765,0.060000]]]},{"colors":[[0.921569,0.184314,0.588235,1.000000],[0.968627,0.349020,0.670588,1.000000],[0.768627,0.113725,0.498039,1.000000],[1.000000,0.941176,0.964706,1.000000],[1.000000,0.839216,0.905882,1.000000],[1.000000,0.678431,0.823529,1.000000],[1.000000,1.000000,1.000000,1.000000]],"shadow":[[0,0.000000,2.000000,0.000000,0.000000,[1.000000,0.019608,0.411765,0.060000]]]},{"colors":[[0.960784,0.133333,0.176471,1.000000],[1.000000,0.301961,0.309804,1.000000],[0.811765,0.074510,0.133333,1.000000],[1.000000,0.945098,0.941176,1.000000],[1.000000,0.800000,0.780392,1.000000],[1.000000,0.639216,0.619608,1.000000],[1.000000,1.000000,1.000000,1.000000]],"shadow":[[0,0.000000,2.000000,0.000000,0.000000,[1.000000,0.086275,0.019608,0.060000]]]},{"colors":[[0.980392,0.549020,0.086275,1.000000],[1.000000,0.662745,0.250980,1.000000],[0.831373,0.419608,0.031373,1.000000],[1.000000,0.968627,0.901961,1.000000],[1.000000,0.905882,0.729412,1.000000],[1.000000,0.835294,0.568627,1.000000],[1.000000,1.000000,1.000000,1.000000]],"shadow":[[0,0.000000,2.000000,0.000000,0.000000,[1.000000,0.686275,0.019608,0.100000]]]},{"colors":[[0.980392,0.858824,0.078431,1.000000],[1.000000,0.925490,0.239216,1.000000],[0.831373,0.694118,0.023529,1.000000],[0.996078,1.000000,0.901961,1.000000],[1.000000,1.000000,0.721569,1.000000],[1.000000,0.984314,0.560784,1.000000],[1.000000,1.000000,1.000000,1.000000]],"shadow":[[0,0.000000,2.000000,0.000000,0.000000,[0.960784,1.000000,0.019608,0.100000]]]},{"colors":[[0.980392,0.329412,0.109804,1.000000],[1.000000,0.478431,0.270588,1.000000],[0.831373,0.219608,0.050980,1.000000],[1.000000,0.949020,0.909804,1.000000],[1.000000,0.847059,0.749020,1.000000],[1.000000,0.733333,0.588235,1.000000],[1.000000,1.000000,1.000000,1.000000]],"shadow":[[0,0.000000,2.000000,0.000000,0.000000,[1.000000,0.490196,0.098039,0.100000]]]},{"colors":[[0.184314,0.329412,0.921569,1.000000],[0.349020,0.494118,0.968627,1.000000],[0.113725,0.223529,0.768627,1.000000],[0.941176,0.960784,1.000000,1.000000],[0.839216,0.894118,1.000000,1.000000],[0.678431,0.776471,1.000000,1.000000],[1.000000,1.000000,1.000000,1.000000]],"shadow":[[0,0.000000,2.000000,0.000000,0.000000,[0.019608,0.345098,1.000000,0.060000]]]},{"colors":[[0.627451,0.850980,0.066667,1.000000],[0.729412,0.901961,0.215686,1.000000],[0.486275,0.701961,0.019608,1.000000],[0.988235,1.000000,0.901961,1.000000],[0.956863,1.000000,0.721569,1.000000],[0.917647,1.000000,0.560784,1.000000],[1.000000,1.000000,1.000000,1.000000]],"shadow":[[0,0.000000,2.000000,0.000000,0.000000,[0.882353,1.000000,0.019608,0.100000]]]},{"colors":[[0.980392,0.678431,0.078431,1.000000],[1.000000,0.772549,0.239216,1.000000],[0.831373,0.533333,0.023529,1.000000],[1.000000,0.984314,0.901961,1.000000],[1.000000,0.945098,0.721569,1.000000],[1.000000,0.898039,0.560784,1.000000],[1.000000,1.000000,1.000000,1.000000]],"shadow":[[0,0.000000,2.000000,0.000000,0.000000,[1.000000,0.843137,0.019608,0.100000]]]}],"variantAppearance":[[0.000000,0.000000,0.000000,0.000000],[1.000000,1.000000,1.000000,1.000000],[1.000000,1.000000,1.000000,1.000000],[0.090196,0.470588,1.000000,1.000000],[0.000000,0.243137,0.701961,1.000000],[0.000000,0.113725,0.400000,1.000000],[0.000000,0.000000,0.000000,0.000000],[0.000000,0.000000,0.000000,1.000000],[0.000000,0.000000,0.000000,0.750000],[0.000000,0.000000,0.000000,0.950000]]},"switch":{"trackHeight":22.000000,"trackHeightSM":16.000000,"trackMinWidth":44.000000,"trackMinWidthSM":28.000000,"trackPadding":2.000000,"handleBg":[1.000000,1.000000,1.000000,1.000000],"handleSize":18.000000,"handleSizeSM":12.000000,"innerMinMargin":9.000000,"innerMaxMargin":24.000000,"innerMinMarginSM":6.000000,"innerMaxMarginSM":18.000000,"contentFontSize":12.000000,"loadingOpacity":0.650000,"waveSpread":6.000000,"waveWidth":2.000000,"waveOpacity":0.200000,"handleShadow":[[0,0.000000,2.000000,4.000000,0.000000,[0.000000,0.137255,0.043137,0.200000]]],"colors":[[0.086275,0.466667,1.000000,1.000000],[0.250980,0.588235,1.000000,1.000000],[0.000000,0.000000,0.000000,0.250000],[0.000000,0.000000,0.000000,0.450000],[0.568627,0.792157,1.000000,1.000000]],"focusWidth":3.000000,"focusOffset":1.000000},"checkbox":{"metrics":[16.000000,8.000000,1.000000,2.000000,4.000000,8.000000,14.000000,22.000000],"effects":[3.000000,1.000000,6.000000,2.000000,0.200000],"colors":[[0.086275,0.466667,1.000000,1.000000],[0.250980,0.588235,1.000000,1.000000],[0.035294,0.345098,0.850980,1.000000],[1.000000,1.000000,1.000000,1.000000],[0.850980,0.850980,0.850980,1.000000],[0.000000,0.000000,0.000000,0.040000],[0.000000,0.000000,0.000000,0.250000],[1.000000,1.000000,1.000000,1.000000],[0.000000,0.000000,0.000000,0.880000],[0.568627,0.792157,1.000000,1.000000]]},"radio":{"metrics":[16.000000,6.000000,1.000000,8.000000,8.000000,14.000000,22.000000,32.000000,24.000000,40.000000,15.000000,7.000000,16.000000,6.000000,4.000000,8.000000],"effects":[3.000000,1.000000,6.000000,2.000000,0.200000],"colors":[[0.086275,0.466667,1.000000,1.000000],[0.250980,0.588235,1.000000,1.000000],[0.035294,0.345098,0.850980,1.000000],[1.000000,1.000000,1.000000,1.000000],[0.850980,0.850980,0.850980,1.000000],[0.000000,0.000000,0.000000,0.040000],[0.000000,0.000000,0.000000,0.250000],[1.000000,1.000000,1.000000,1.000000],[0.000000,0.000000,0.000000,0.250000],[0.086275,0.466667,1.000000,1.000000],[0.000000,0.000000,0.000000,0.880000],[0.568627,0.792157,1.000000,1.000000],[1.000000,1.000000,1.000000,1.000000],[1.000000,1.000000,1.000000,1.000000],[0.000000,0.000000,0.000000,0.880000],[0.000000,0.000000,0.000000,0.150000],[0.000000,0.000000,0.000000,0.250000],[1.000000,1.000000,1.000000,1.000000],[0.086275,0.466667,1.000000,1.000000],[0.250980,0.588235,1.000000,1.000000],[0.035294,0.345098,0.850980,1.000000]]},"slider":{"metrics":[4.000000,10.000000,12.000000,2.000000,2.500000,8.000000,2.000000,8.000000,14.000000,22.000000],"colors":[[0.000000,0.000000,0.000000,0.040000],[0.000000,0.000000,0.000000,0.060000],[0.568627,0.792157,1.000000,1.000000],[0.411765,0.694118,1.000000,1.000000],[0.000000,0.000000,0.000000,0.040000],[0.568627,0.792157,1.000000,1.000000],[0.086275,0.466667,1.000000,1.000000],[0.086275,0.466667,1.000000,0.200000],[0.749020,0.749020,0.749020,1.000000],[1.000000,1.000000,1.000000,1.000000],[0.941176,0.941176,0.941176,1.000000],[0.568627,0.792157,1.000000,1.000000],[1.000000,1.000000,1.000000,1.000000],[0.000000,0.000000,0.000000,0.650000],[0.000000,0.000000,0.000000,0.880000],[0.000000,0.000000,0.000000,0.250000]]},"tooltip":{"background":[0.000000,0.000000,0.000000,0.850000],"color":[1.000000,1.000000,1.000000,1.000000],"metrics":[250.000000,8.000000,6.000000,32.000000,6.000000,8.000000,4.000000],"fontSize":14.000000,"lineHeight":22.000000,"zIndexPopup":1070,"shadowLayers":3},"text":{"color":[0.000000,0.000000,0.000000,0.880000],"fontFamily":0,"fontWeight":400,"fontSize":14.000000,"lineHeight":22.000000},"input":{"sizes":[{"controlHeight":24.000000,"fontSize":14.000000,"lineHeight":22.000000,"paddingInline":7.000000,"paddingBlock":0.000000,"borderRadius":4.000000},{"controlHeight":32.000000,"fontSize":14.000000,"lineHeight":22.000000,"paddingInline":11.000000,"paddingBlock":4.000000,"borderRadius":6.000000},{"controlHeight":40.000000,"fontSize":16.000000,"lineHeight":24.000000,"paddingInline":11.000000,"paddingBlock":7.000000,"borderRadius":8.000000}],"borderWidth":1.000000,"affixPadding":4.000000,"colors":[[0.000000,0.000000,0.000000,0.880000],[0.000000,0.000000,0.000000,0.250000],[1.000000,1.000000,1.000000,1.000000],[0.850980,0.850980,0.850980,1.000000],[0.000000,0.000000,0.000000,0.250000],[0.000000,0.000000,0.000000,0.040000],[0.850980,0.850980,0.850980,1.000000],[0.250980,0.588235,1.000000,1.000000],[0.086275,0.466667,1.000000,1.000000],[1.000000,1.000000,1.000000,1.000000],[1.000000,1.000000,1.000000,1.000000],[1.000000,0.301961,0.309804,1.000000],[1.000000,0.639216,0.619608,1.000000],[0.980392,0.678431,0.078431,1.000000],[1.000000,0.839216,0.400000,1.000000],[0.086275,0.466667,1.000000,0.250000],[0.000000,0.000000,0.000000,0.880000],[0.000000,0.000000,0.000000,0.880000],[1.000000,0.301961,0.309804,1.000000],[0.980392,0.678431,0.078431,1.000000]],"activeShadowLayers":1,"errorActiveShadowLayers":1,"warningActiveShadowLayers":1},"typography":{"headings":[{"fontSize":38.000000,"lineHeight":53.200001},{"fontSize":30.000000,"lineHeight":40.500000},{"fontSize":24.000000,"lineHeight":31.199999},{"fontSize":20.000000,"lineHeight":25.000000},{"fontSize":16.000000,"lineHeight":19.200001}],"fontFamily":0,"fontFamilyCode":1,"fontWeight":400,"fontWeightStrong":600,"baseFontSize":14.000000,"baseLineHeight":22.000000,"titleMarginTopEm":1.200000,"titleMarginBottomEm":0.500000,"colors":{"text":[0.000000,0.000000,0.000000,0.880000],"description":[0.000000,0.000000,0.000000,0.650000],"success":[0.074510,0.321569,0.000000,1.000000],"warning":[0.529412,0.301961,0.000000,1.000000],"error":[0.549020,0.082353,0.137255,1.000000],"errorTextHover":[1.000000,0.470588,0.458824,1.000000],"errorTextActive":[0.850980,0.211765,0.243137,1.000000],"disabled":[0.000000,0.000000,0.000000,0.250000],"link":[0.090196,0.470588,1.000000,1.000000],"markBackground":[1.000000,0.898039,0.560784,1.000000]},"code":{"background":[0.588000,0.588000,0.588000,0.100000],"borderColor":[0.392000,0.392000,0.392000,0.200000],"fontScale":0.850000,"paddingInlineEm":0.400000,"paddingBlockStartEm":0.200000,"paddingBlockEndEm":0.100000,"borderWidth":1.000000,"borderRadius":3.000000},"keyboard":{"background":[0.588000,0.588000,0.588000,0.060000],"borderColor":[0.392000,0.392000,0.392000,0.200000],"fontScale":0.900000,"paddingInlineEm":0.400000,"paddingBlockStartEm":0.150000,"paddingBlockEndEm":0.100000,"borderWidth":1.000000,"borderRadius":3.000000,"borderBottomWidth":2.000000}},"divider":{"colors":{"line":[0.019608,0.019608,0.019608,0.060000],"text":[0.000000,0.000000,0.000000,0.880000],"plainText":[0.000000,0.000000,0.000000,0.880000]},"metrics":{"lineWidth":1.000000,"orientationMargin":0.050000,"textPaddingInline":16.000000,"verticalMarginInline":8.000000,"horizontalMargin":24.000000,"horizontalWithTextMargin":16.000000,"smallHorizontalMargin":8.000000,"middleHorizontalMargin":16.000000},"typography":{"textFontSize":16.000000,"textFontWeight":500,"plainFontSize":14.000000,"plainFontWeight":400}}}
 content_runs=1 theme_content_runs=59 theme_updates=4 brand_updates=1 motion_updates=0 viewport_updates=3 state_updates=2 activations=0 document_sections=6 component_entries=73 reference_surfaces=126 reference_content_runs=126 live_samples=118 input_changes=0 input_submits=0 search_submits=0 navigation_controls=93 navigation_requests=0 filter_updates=0 reference_interactions=0 document_content_extent=16403 document_viewport_extent=604 document_offset=0 document_maximum_offset=15799 navigation_offset=0 navigation_maximum_offset=2814 scrollbar_geometry=passed scrollbar_draw=passed document_section=gallery.document.header-source document_anchor_generation=10 scroll_events=0 document_extent_updates=3 document_scroll_updates=0 document_anchor_updates=9 document_navigation_jumps=0 document_translation_passes=1 document_translated_nodes=1159 document_reconciliation_syncs=0 draw_fragments_considered=518 draw_fragments_visible=82 frame_samples=118 first_frame_cpu_us=70933 first_frame_resource_us=3225 first_frame_glyph_us=1102 first_frame_upload_finish_us=1092 first_frame_upload_submissions=1 first_frame_texture_transfers=1 first_frame_buffer_transfers=2 first_frame_glyph_texture_uploads=1 frame_average_us=4881 frame_max_us=70933 frame_p95_us=4525 frame_scene_sync_us=1738 frame_translation_us=57 frame_layout_us=1396 frame_hit_refresh_us=17 frame_text_host_us=0 frame_text_layout_us=0 frame_text_mounted_loop_us=0 frame_text_scene_us=0 frame_aux_geometry_us=0 frame_button_geometry_us=0 frame_reference_geometry_us=0 frame_input_geometry_us=0 frame_selection_geometry_us=0 frame_input_update_text_us=0 frame_input_theme_us=0 frame_input_text_scene_us=0 input_mounted_visited=0 input_text_scene_calls=0 input_geometry_rebuilds=0 input_geometry_patches=2 input_instance_rebuilds=81 ordered_scene_rebuilds=4 sync_participant_count=0 frame_effect_compact_us=0 frame_text_fragments_us=0 frame_aux_fragments_us=0 frame_composer_us=0 frame_focus_sync_us=0 sync_calls=0 text_layout_calls=0 text_mounted_visited=0 text_mounted_synchronized=0 text_offscreen_skipped=0 frame_anchor_input_us=283 frame_resource_sync_us=354 frame_quad_sync_us=232 frame_glyph_sync_us=22 frame_effect_sync_us=3 frame_upload_finish_us=93 frame_cull_us=22 frame_submit_us=2765 font_rasterizations=592 scroll_rasterizations=592 input_events=4 pointer_input_events=0 pointer_routes=0 hover_enters=0 hover_leaves=0 captures_started=0 captures_released=0 keyboard_events=0 focus_traversals=0 focus_changes=0 keyboard_activations=0 component_count=1367 node_count=1367 interaction_count=279 layout_passes=8146 scene_rebuilds=102 effect_layers=656 outer_layers=1 inset_layers=0 focus_layers=17 button_material_updates=32661 button_geometry_updates=3711 quad_uploads=3920 quad_uploaded_bytes=1744944 glyph_uploads=208 glyph_buffer_uploads=114 glyph_buffer_coalesces=22 glyph_buffer_capacity=906 glyph_uploaded_bytes=2886742 effect_uploads=102 effect_uploaded_bytes=205632 gpu_upload_submissions=116 scroll_buffer_upload_regions=4136 scroll_buffer_transfer_creations=119 scroll_buffer_transfer_maps=119 scroll_texture_transfer_creations=3 scroll_texture_transfer_maps=3 quad_draws=3540 glyph_draws=3658 effect_draws=2006 submits=118 idle_waits=1265 animation_frames=40 idle_after_animation=2 animation_acceptance=false input_acceptance=false selection_acceptance=false selection_theme=default search_acceptance=false search_keyboard=false search_pointer=false search_blocked=false search_text=false search_scroll=false password_acceptance=false password_hidden=false password_pointer=false password_keyboard=false password_disabled=false password_scroll=false input_clear_acceptance=false input_clear_scroll=false input_clear_pointer=false input_clear_keyboard=false input_clear_disabled=false selection_keyboard=false selection_pointer=false selection_blocked=false scroll_acceptance=false scrollbar_acceptance=false scrollbar_stage=0 continuous_drag=passed header_navigation=failed navigation_wheel=not-run navigation_drag=not-run document_track=not-run document_drag=not-run scroll_acceptance_steps=0 scroll_sequence_ms=0 input_latin=not-run input_selection=not-run input_clipboard=not-run input_undo=not-run input_redo=not-run input_theme_status=not-run input_caret_idle=not-run automated_input_events=0 motion_mode=normal exit_code=0
