[0/2] Re-checking globbed directories...
[1/2] Re-running CMake...
-- Resolving SDL3 3.4.14 from the locked archive. For offline builds, set FETCHCONTENT_SOURCE_DIR_SDL3 to prepared source.
-- Could NOT find PkgConfig (missing: PKG_CONFIG_EXECUTABLE)
-- Could NOT find LibUSB (missing: LibUSB_LIBRARY LibUSB_INCLUDE_PATH) (found version "LibUSB_VERSION-NOTFOUND")
--
-- SDL3 was configured with the following options:
--
-- Platform: Windows-10.0.26300
-- 64-bit:   TRUE
-- Compiler: C:/Program Files/Microsoft Visual Studio/18/Community/VC/Tools/MSVC/14.51.36231/bin/Hostx64/x64/cl.exe
-- Revision: SDL-release-3.4.14-0-g147a8ee32
-- Vendor:
--
-- Subsystems:
--   Audio:    ON
--   Video:    ON
--   GPU:      ON
--   Render:   ON
--   Camera:   ON
--   Joystick: ON
--   Haptic:   ON
--   Hidapi:   ON
--   Power:    ON
--   Sensor:   ON
--   Dialog:   ON
--   Tray:     ON
--
-- Options:
--   SDL_ALSA                    (Wanted: OFF): OFF
--   SDL_ALSA_SHARED             (Wanted: OFF): OFF
--   SDL_ALTIVEC                 (Wanted: OFF): OFF
--   SDL_ARMNEON                 (Wanted: OFF): OFF
--   SDL_ASAN                    (Wanted: OFF): OFF
--   SDL_ASSEMBLY                (Wanted: ON): ON
--   SDL_ASSERTIONS              (Wanted: auto): auto
--   SDL_AVX                     (Wanted: ON): ON
--   SDL_AVX2                    (Wanted: ON): ON
--   SDL_AVX512F                 (Wanted: ON): ON
--   SDL_BACKGROUNDING_SIGNAL    (Wanted: OFF): OFF
--   SDL_CCACHE                  (Wanted: OFF): OFF
--   SDL_CLANG_TIDY              (Wanted: OFF): OFF
--   SDL_CLOCK_GETTIME           (Wanted: OFF): OFF
--   SDL_COCOA                   (Wanted: OFF): OFF
--   SDL_DBUS                    (Wanted: OFF): OFF
--   SDL_DEPS_SHARED             (Wanted: ON): OFF
--   SDL_DIRECTX                 (Wanted: ON): ON
--   SDL_DISKAUDIO               (Wanted: ON): ON
--   SDL_DLOPEN_NOTES            (Wanted: OFF): OFF
--   SDL_DUMMYAUDIO              (Wanted: ON): ON
--   SDL_DUMMYCAMERA             (Wanted: ON): ON
--   SDL_DUMMYVIDEO              (Wanted: ON): ON
--   SDL_EXAMPLES                (Wanted: OFF): OFF
--   SDL_EXAMPLES_LINK_SHARED    (Wanted: OFF): OFF
--   SDL_FOREGROUNDING_SIGNAL    (Wanted: OFF): OFF
--   SDL_FRIBIDI                 (Wanted: OFF): OFF
--   SDL_FRIBIDI_SHARED          (Wanted: OFF): OFF
--   SDL_GCC_ATOMICS             (Wanted: OFF): OFF
--   SDL_HIDAPI                  (Wanted: ON): ON
--   SDL_HIDAPI_JOYSTICK         (Wanted: ON): ON
--   SDL_HIDAPI_LIBUSB           (Wanted: ON): OFF
--   SDL_HIDAPI_LIBUSB_SHARED    (Wanted: ON): OFF
--   SDL_IBUS                    (Wanted: OFF): OFF
--   SDL_INSTALL                 (Wanted: OFF): OFF
--   SDL_INSTALL_TESTS           (Wanted: OFF): OFF
--   SDL_JACK                    (Wanted: OFF): OFF
--   SDL_JACK_SHARED             (Wanted: OFF): OFF
--   SDL_KMSDRM                  (Wanted: OFF): OFF
--   SDL_KMSDRM_SHARED           (Wanted: OFF): OFF
--   SDL_LASX                    (Wanted: OFF): OFF
--   SDL_LIBC                    (Wanted: ON): ON
--   SDL_LIBICONV                (Wanted: OFF): OFF
--   SDL_LIBTHAI                 (Wanted: OFF): OFF
--   SDL_LIBTHAI_SHARED          (Wanted: OFF): OFF
--   SDL_LIBUDEV                 (Wanted: ON): OFF
--   SDL_LIBURING                (Wanted: OFF): OFF
--   SDL_LSX                     (Wanted: OFF): OFF
--   SDL_METAL                   (Wanted: OFF): OFF
--   SDL_MMX                     (Wanted: ON): OFF
--   SDL_OFFSCREEN               (Wanted: ON): ON
--   SDL_OPENGL                  (Wanted: ON): ON
--   SDL_OPENGLES                (Wanted: ON): ON
--   SDL_OPENVR                  (Wanted: OFF): OFF
--   SDL_OSS                     (Wanted: OFF): OFF
--   SDL_PIPEWIRE                (Wanted: OFF): OFF
--   SDL_PIPEWIRE_SHARED         (Wanted: OFF): OFF
--   SDL_PTHREADS                (Wanted: OFF): OFF
--   SDL_PTHREADS_SEM            (Wanted: OFF): OFF
--   SDL_PULSEAUDIO              (Wanted: OFF): OFF
--   SDL_PULSEAUDIO_SHARED       (Wanted: OFF): OFF
--   SDL_RENDER_D3D              (Wanted: ON): ON
--   SDL_RENDER_D3D11            (Wanted: ON): ON
--   SDL_RENDER_D3D12            (Wanted: ON): ON
--   SDL_RENDER_GPU              (Wanted: ON): ON
--   SDL_RENDER_METAL            (Wanted: OFF): OFF
--   SDL_RENDER_VULKAN           (Wanted: ON): ON
--   SDL_ROCKCHIP                (Wanted: OFF): OFF
--   SDL_RPATH                   (Wanted: OFF): OFF
--   SDL_RPI                     (Wanted: OFF): OFF
--   SDL_SNDIO                   (Wanted: OFF): OFF
--   SDL_SNDIO_SHARED            (Wanted: OFF): OFF
--   SDL_SSE                     (Wanted: ON): ON
--   SDL_SSE2                    (Wanted: ON): ON
--   SDL_SSE3                    (Wanted: ON): ON
--   SDL_SSE4_1                  (Wanted: ON): ON
--   SDL_SSE4_2                  (Wanted: ON): ON
--   SDL_SYSTEM_ICONV            (Wanted: OFF): OFF
--   SDL_TESTS                   (Wanted: OFF): OFF
--   SDL_TESTS_LINK_SHARED       (Wanted: OFF): OFF
--   SDL_UNINSTALL               (Wanted: OFF): OFF
--   SDL_VIRTUAL_JOYSTICK        (Wanted: ON): ON
--   SDL_VIVANTE                 (Wanted: OFF): OFF
--   SDL_VULKAN                  (Wanted: ON): ON
--   SDL_WASAPI                  (Wanted: ON): ON
--   SDL_WAYLAND                 (Wanted: OFF): OFF
--   SDL_WAYLAND_LIBDECOR        (Wanted: OFF): OFF
--   SDL_WAYLAND_LIBDECOR_SHARED (Wanted: OFF): OFF
--   SDL_WAYLAND_SHARED          (Wanted: OFF): OFF
--   SDL_X11                     (Wanted: OFF): OFF
--   SDL_X11_SHARED              (Wanted: OFF): OFF
--   SDL_X11_XCURSOR             (Wanted: OFF): OFF
--   SDL_X11_XDBE                (Wanted: OFF): OFF
--   SDL_X11_XFIXES              (Wanted: OFF): OFF
--   SDL_X11_XINPUT              (Wanted: OFF): OFF
--   SDL_X11_XRANDR              (Wanted: OFF): OFF
--   SDL_X11_XSCRNSAVER          (Wanted: OFF): OFF
--   SDL_X11_XSHAPE              (Wanted: OFF): OFF
--   SDL_X11_XSYNC               (Wanted: OFF): OFF
--   SDL_X11_XTEST               (Wanted: OFF): OFF
--   SDL_XINPUT                  (Wanted: ON): ON
--
--  Build Shared Library: OFF
--  Build Static Library: ON
--
-- Enabled backends:
--   Video drivers: dummy offscreen windows
--   Render drivers: d3d d3d11 d3d12 gpu ogl ogl_es2 vulkan
--   GPU drivers: d3d12 vulkan
--   Audio drivers: disk dsound dummy wasapi
--   Joystick drivers: dinput gameinput hidapi rawinput virtual wgi xinput
--   Camera drivers: dummy mediafoundation
--
-- Resolving DirectXShaderCompiler 1.8.2502 host binaries from the locked archive.
-- Resolving SPIRV-Cross 1a6169566c73d3da552748fc372fe2bbb856e46e from the locked archive.
-- SPIRV-Cross: Finding Git version for SPIRV-Cross.
-- SPIRV-Cross: Git hash: 10d9b47+
-- Resolving SDL_shadercross e55cf5e31ced6f3d1be5cc6d0c50e99384f9f4ba CLI sources from the locked archive.
-- Resolving FreeType 2.14.3 from the locked archive. For offline builds, set FETCHCONTENT_SOURCE_DIR_RYNUI_FREETYPE.
-- Could NOT find PkgConfig (missing: PKG_CONFIG_EXECUTABLE)
-- Resolving HarfBuzz 14.3.1 from the locked archive. For offline builds, set FETCHCONTENT_SOURCE_DIR_RYNUI_HARFBUZZ.
CMake Warning at out/build/windows-msvc/_deps/rynui_harfbuzz-src/CMakeLists.txt:4 (message):
  The main build system for HarfBuzz is Meson.  CMake build support is
  community-maintained and is not actively supported by HarfBuzz developers.


-- Found Python3: C:/Users/jiang/AppData/Local/Programs/Python/Python313/python.exe (found version "3.13.14") found components: Interpreter
Building introspection files on Windows requires BUILD_SHARED_LIBS to be enabled.
-- Found Python3: C:/Users/jiang/AppData/Local/Programs/Python/Python313/python.exe (found suitable version "3.13.14", minimum required is "3.10") found components: Interpreter
-- Configuring done (2.9s)
-- Generating done (0.4s)
-- Build files have been written to: D:/code/RynUI/out/build/windows-msvc
[0/4] Re-checking globbed directories...
[1/33] Linking CXX executable tests\Debug\rynui_default_theme_tests.exe
[2/33] Linking CXX executable tests\Debug\rynui_typography_component_tests.exe
[3/33] Linking CXX executable tests\Debug\rynui_text_component_tests.exe
[4/33] Linking CXX executable tests\Debug\rynui_typography_interaction_tests.exe
[5/33] Linking CXX executable tests\Debug\rynui_divider_component_tests.exe
[6/33] Linking CXX executable tests\Debug\rynui_glyph_gpu_resources_tests.exe
[7/33] Linking CXX executable tests\Debug\rynui_text_scene_service_tests.exe
[8/33] Linking CXX executable tests\Debug\rynui_text_render_integration_tests.exe
[9/33] Linking CXX executable tests\Debug\rynui_button_component_tests.exe
[10/33] Linking CXX executable tests\Debug\rynui_text_component_frame_tests.exe
[11/33] Building CXX object _deps\rynui_spirv_cross-build\CMakeFiles\spirv-cross-c.dir\Debug\spirv_cross_c.cpp.obj
[12/33] Linking CXX static library _deps\rynui_spirv_cross-build\Debug\spirv-cross-cd.lib
[13/33] Linking CXX executable Debug\shadercross.exe
[14/33] C:\Windows\system32\cmd.exe /C "cd /D D:\code\RynUI\out\build\windows-msvc && C:\Users\jiang\scoop\apps\cmake\current\bin\cmake.exe -E copy_if_different D:/code/RynUI/out/build/windows-msvc/_deps/rynui_dxc-src/bin/x64/dxcompiler.dll D:/code/RynUI/out/build/windows-msvc/Debug && C:\Users\jiang\scoop\apps\cmake\current\bin\cmake.exe -E copy_if_different D:/code/RynUI/out/build/windows-msvc/_deps/rynui_dxc-src/bin/x64/dxil.dll D:/code/RynUI/out/build/windows-msvc/Debug"
[15/33] Deploying shaders for rynui_minimal
[16/33] Deploying shaders for rynui_text_demo
[17/33] Deploying shaders for rynui_button_demo
[18/33] Deploying shaders for rynui_layout_demo
[19/33] Deploying shaders for rynui_token_gallery
[20/33] Building CXX object examples\CMakeFiles\rynui_minimal.dir\Debug\minimal\main.cpp.obj
[21/33] Building CXX object examples\CMakeFiles\rynui_layout_demo.dir\Debug\layout\layout_demo_runtime.cpp.obj
[22/33] Building CXX object examples\CMakeFiles\rynui_text_demo.dir\Debug\text\main.cpp.obj
[23/33] Linking CXX executable examples\Debug\rynui_minimal.exe
[24/33] Building CXX object examples\CMakeFiles\rynui_button_demo.dir\Debug\button\main.cpp.obj
[25/33] Building CXX object examples\CMakeFiles\rynui_token_gallery.dir\Debug\token_gallery\token_gallery_runtime.cpp.obj
[26/33] Building CXX object examples\CMakeFiles\rynui_token_gallery.dir\Debug\token_gallery\typography_acceptance.cpp.obj
[27/33] Linking CXX executable examples\Debug\rynui_layout_demo.exe
[28/33] Linking CXX executable examples\Debug\rynui_text_demo.exe
[29/33] Linking CXX executable examples\Debug\rynui_button_demo.exe
[30/33] Linking CXX executable examples\Debug\rynui_token_gallery.exe
