[0/2] Re-checking globbed directories...
[1/39] Building CXX object src\CMakeFiles\rynui_components.dir\Debug\component\slider_component.cpp.obj
[2/39] Linking CXX static library src\Debug\rynui_components.lib
[3/39] Linking CXX executable tests\portable\Debug\rynui_portable_logical_scene_packing.exe
[4/39] Linking CXX executable tests\portable\Debug\rynui_portable_texture_upload_batch_layout.exe
[5/39] Linking CXX executable tests\portable\Debug\rynui_portable_glyph_texture_upload.exe
[6/39] Building CXX object tests\portable\CMakeFiles\rynui_portable_slider_component.dir\Debug\__\slider_component_tests.cpp.obj
[7/39] Linking CXX executable tests\portable\Debug\rynui_portable_quad_primitive.exe
[8/39] Linking CXX executable tests\portable\Debug\rynui_portable_binding_quad_integration.exe
[9/39] Linking CXX executable tests\portable\Debug\rynui_portable_rounded_effect_scene.exe
[10/39] Linking CXX executable tests\portable\Debug\rynui_portable_rounded_effect_math.exe
[11/39] Linking CXX executable tests\portable\Debug\rynui_portable_rounded_effect_store.exe
[12/39] Linking CXX executable tests\portable\Debug\rynui_portable_font_runtime.exe
[13/39] Linking CXX executable tests\portable\Debug\rynui_portable_text_state.exe
[14/39] Linking CXX executable tests\portable\Debug\rynui_portable_text_engine.exe
[15/39] Linking CXX executable tests\portable\Debug\rynui_portable_text_scene_service.exe
[16/39] Linking CXX executable tests\portable\Debug\rynui_portable_rounded_effect_gpu_resources.exe
[17/39] Linking CXX executable tests\portable\Debug\rynui_portable_rounded_effect_gpu.exe
[18/39] Linking CXX executable tests\portable\Debug\rynui_portable_button_scene_service.exe
[19/39] Linking CXX executable tests\portable\Debug\rynui_portable_text_render_integration.exe
[20/39] Linking CXX executable tests\portable\Debug\rynui_portable_glyph_atlas.exe
[21/39] Linking CXX executable tests\portable\Debug\rynui_portable_glyph_scene.exe
[22/39] Linking CXX executable tests\portable\Debug\rynui_portable_glyph_gpu_resources.exe
[23/39] Linking CXX executable tests\portable\Debug\rynui_portable_frame_scheduler.exe
[24/39] Linking CXX executable tests\portable\Debug\rynui_portable_rounded_effect_allocation.exe
[25/39] Linking CXX executable tests\portable\Debug\rynui_portable_input_component.exe
[26/39] Linking CXX executable tests\portable\Debug\rynui_portable_input_caret_blink.exe
[27/39] Linking CXX executable tests\portable\Debug\rynui_portable_text_component.exe
[28/39] Linking CXX executable tests\portable\Debug\rynui_portable_input_gpu.exe
[29/39] Linking CXX executable tests\portable\Debug\rynui_portable_button_component.exe
[30/39] Linking CXX executable tests\portable\Debug\rynui_portable_selection_component.exe
[31/39] Linking CXX executable tests\portable\Debug\rynui_portable_typography_component.exe
[32/39] Linking CXX executable tests\portable\Debug\rynui_portable_typography_interaction.exe
[33/39] Linking CXX executable tests\portable\Debug\rynui_portable_radio_component.exe
[34/39] Linking CXX executable tests\portable\Debug\rynui_portable_text_component_frame.exe
[35/39] Linking CXX executable tests\portable\Debug\rynui_portable_divider_component.exe
[36/39] Linking CXX executable tests\portable\Debug\rynui_portable_input_scene_allocation.exe
[37/39] Linking CXX executable tests\portable\Debug\rynui_portable_slider_component.exe
[38/39] Linking CXX executable tests\portable\Debug\rynui_portable_scene_backend.exe
