[0/2] Re-checking globbed directories...
[1/38] Building CXX object src\CMakeFiles\rynui_components.dir\Debug\component\slider_component.cpp.obj
[2/38] Linking CXX static library src\Debug\rynui_components.lib
[3/38] Linking CXX executable tests\portable\Debug\rynui_portable_quad_primitive.exe
[4/38] Linking CXX executable tests\portable\Debug\rynui_portable_texture_upload_batch_layout.exe
[5/38] Linking CXX executable tests\portable\Debug\rynui_portable_binding_quad_integration.exe
[6/38] Linking CXX executable tests\portable\Debug\rynui_portable_logical_scene_packing.exe
[7/38] Linking CXX executable tests\portable\Debug\rynui_portable_glyph_texture_upload.exe
[8/38] Linking CXX executable tests\portable\Debug\rynui_portable_font_runtime.exe
[9/38] Linking CXX executable tests\portable\Debug\rynui_portable_rounded_effect_scene.exe
[10/38] Linking CXX executable tests\portable\Debug\rynui_portable_rounded_effect_math.exe
[11/38] Linking CXX executable tests\portable\Debug\rynui_portable_rounded_effect_gpu.exe
[12/38] Linking CXX executable tests\portable\Debug\rynui_portable_text_engine.exe
[13/38] Linking CXX executable tests\portable\Debug\rynui_portable_rounded_effect_store.exe
[14/38] Linking CXX executable tests\portable\Debug\rynui_portable_text_render_integration.exe
[15/38] Linking CXX executable tests\portable\Debug\rynui_portable_text_state.exe
[16/38] Linking CXX executable tests\portable\Debug\rynui_portable_glyph_scene.exe
[17/38] Linking CXX executable tests\portable\Debug\rynui_portable_glyph_gpu_resources.exe
[18/38] Linking CXX executable tests\portable\Debug\rynui_portable_glyph_atlas.exe
[19/38] Linking CXX executable tests\portable\Debug\rynui_portable_text_scene_service.exe
[20/38] Linking CXX executable tests\portable\Debug\rynui_portable_rounded_effect_gpu_resources.exe
[21/38] Linking CXX executable tests\portable\Debug\rynui_portable_button_scene_service.exe
[22/38] Linking CXX executable tests\portable\Debug\rynui_portable_rounded_effect_allocation.exe
[23/38] Linking CXX executable tests\portable\Debug\rynui_portable_frame_scheduler.exe
[24/38] Linking CXX executable tests\portable\Debug\rynui_portable_input_component.exe
[25/38] Linking CXX executable tests\portable\Debug\rynui_portable_input_caret_blink.exe
[26/38] Linking CXX executable tests\portable\Debug\rynui_portable_input_gpu.exe
[27/38] Linking CXX executable tests\portable\Debug\rynui_portable_slider_component.exe
[28/38] Linking CXX executable tests\portable\Debug\rynui_portable_text_component.exe
[29/38] Linking CXX executable tests\portable\Debug\rynui_portable_selection_component.exe
[30/38] Linking CXX executable tests\portable\Debug\rynui_portable_button_component.exe
[31/38] Linking CXX executable tests\portable\Debug\rynui_portable_text_component_frame.exe
[32/38] Linking CXX executable tests\portable\Debug\rynui_portable_typography_component.exe
[33/38] Linking CXX executable tests\portable\Debug\rynui_portable_typography_interaction.exe
[34/38] Linking CXX executable tests\portable\Debug\rynui_portable_divider_component.exe
[35/38] Linking CXX executable tests\portable\Debug\rynui_portable_radio_component.exe
[36/38] Linking CXX executable tests\portable\Debug\rynui_portable_input_scene_allocation.exe
[37/38] Linking CXX executable tests\portable\Debug\rynui_portable_scene_backend.exe
